--- SCRIPT START ---
pygame 2.6.1 (SDL 2.28.4, Python 3.13.7)
Hello from the pygame community. https://www.pygame.org/contribute.html
--- BEFORE MAIN LOOP ---
--- INSIDE MAIN LOOP ---
<Event(4352-AudioDeviceAdded {'which': 0, 'iscapture': 1})>
<Event(4352-AudioDeviceAdded {'which': 1, 'iscapture': 1})>
<Event(4352-AudioDeviceAdded {'which': 0, 'iscapture': 0})>
<Event(4352-AudioDeviceAdded {'which': 1, 'iscapture': 0})>
<Event(4352-AudioDeviceAdded {'which': 2, 'iscapture': 0})>
<Event(4352-AudioDeviceAdded {'which': 3, 'iscapture': 0})>
<Event(4352-AudioDeviceAdded {'which': 4, 'iscapture': 0})>
<Event(32774-WindowShown {'window': None})>
<Event(32770-VideoExpose {})>
<Event(32776-WindowExposed {'window': None})>
<Event(32768-ActiveEvent {'gain': 1, 'state': 2})>
<Event(32785-WindowFocusGained {'window': None})>
<Event(32768-ActiveEvent {'gain': 1, 'state': 1})>
<Event(32783-WindowEnter {'window': None})>
<Event(1024-MouseMotion {'pos': (472, 5), 'rel': (0, 0), 'buttons': (0, 0, 0), 'touch': False, 'window': None})>
--- INSIDE MAIN LOOP ---
--- INSIDE MAIN LOOP ---
--- INSIDE MAIN LOOP ---
--- INSIDE MAIN LOOP ---
--- INSIDE MAIN LOOP ---
--- INSIDE MAIN LOOP ---
<Event(1024-MouseMotion {'pos': (472, 6), 'rel': (0, 1), 'buttons': (0, 0, 0), 'touch': False, 'window': None})>
--- INSIDE MAIN LOOP ---
<Event(1024-MouseMotion {'pos': (472, 7), 'rel': (0, 1), 'buttons': (0, 0, 0), 'touch': False, 'window': None})>
--- INSIDE MAIN LOOP ---
<Event(1024-MouseMotion {'pos': (473, 8), 'rel': (1, 1), 'buttons': (0, 0, 0), 'touch': False, 'window': None})>
<Event(1024-MouseMotion {'pos': (473, 9), 'rel': (0, 1), 'buttons': (0, 0, 0), 'touch': False, 'window': None})>
--- INSIDE MAIN LOOP ---
<Event(1024-MouseMotion {'pos': (473, 10), 'rel': (0, 1), 'buttons': (0, 0, 0), 'touch': False, 'window': None})>
--- INSIDE MAIN LOOP ---
--- INSIDE MAIN LOOP ---
--- INSIDE MAIN LOOP ---
--- INSIDE MAIN LOOP ---
<Event(1024-MouseMotion {'pos': (474, 11), 'rel': (1, 1), 'buttons': (0, 0, 0), 'touch': False, 'window': None})>
--- INSIDE MAIN LOOP ---
<Event(1024-MouseMotion {'pos': (474, 12), 'rel': (0, 1), 'buttons': (0, 0, 0), 'touch': False, 'window': None})>
--- INSIDE MAIN LOOP ---
<Event(1024-MouseMotion {'pos': (474, 14), 'rel': (0, 2), 'buttons': (0, 0, 0), 'touch': False, 'window': None})>
--- INSIDE MAIN LOOP ---
<Event(1024-MouseMotion {'pos': (474, 15), 'rel': (0, 1), 'buttons': (0, 0, 0), 'touch': False, 'window': None})>
--- INSIDE MAIN LOOP ---
<Event(1024-MouseMotion {'pos': (475, 17), 'rel': (1, 2), 'buttons': (0, 0, 0), 'touch': False, 'window': None})>
--- INSIDE MAIN LOOP ---
<Event(1024-MouseMotion {'pos': (476, 19), 'rel': (1, 2), 'buttons': (0, 0, 0), 'touch': False, 'window': None})>
--- INSIDE MAIN LOOP ---
<Event(1024-MouseMotion {'pos': (478, 21), 'rel': (2, 2), 'buttons': (0, 0, 0), 'touch': False, 'window': None})>
--- INSIDE MAIN LOOP ---
<Event(1024-MouseMotion {'pos': (482, 24), 'rel': (4, 3), 'buttons': (0, 0, 0), 'touch': False, 'window': None})>
--- INSIDE MAIN LOOP ---
<Event(1024-MouseMotion {'pos': (488, 27), 'rel': (6, 3), 'buttons': (0, 0, 0), 'touch': False, 'window': None})>
--- INSIDE MAIN LOOP ---
<Event(1024-MouseMotion {'pos': (496, 32), 'rel': (8, 5), 'buttons': (0, 0, 0), 'touch': False, 'window': None})>
--- INSIDE MAIN LOOP ---
<Event(1024-MouseMotion {'pos': (503, 35), 'rel': (7, 3), 'buttons': (0, 0, 0), 'touch': False, 'window': None})>
--- INSIDE MAIN LOOP ---
<Event(1024-MouseMotion {'pos': (514, 39), 'rel': (11, 4), 'buttons': (0, 0, 0), 'touch': False, 'window': None})>
--- INSIDE MAIN LOOP ---
<Event(1024-MouseMotion {'pos': (521, 42), 'rel': (7, 3), 'buttons': (0, 0, 0), 'touch': False, 'window': None})>
--- INSIDE MAIN LOOP ---
<Event(1024-MouseMotion {'pos': (529, 46), 'rel': (8, 4), 'buttons': (0, 0, 0), 'touch': False, 'window': None})>
--- INSIDE MAIN LOOP ---
<Event(1024-MouseMotion {'pos': (540, 54), 'rel': (11, 8), 'buttons': (0, 0, 0), 'touch': False, 'window': None})>
--- INSIDE MAIN LOOP ---
<Event(1024-MouseMotion {'pos': (556, 66), 'rel': (16, 12), 'buttons': (0, 0, 0), 'touch': False, 'window': None})>
--- INSIDE MAIN LOOP ---
<Event(1024-MouseMotion {'pos': (577, 89), 'rel': (21, 23), 'buttons': (0, 0, 0), 'touch': False, 'window': None})>
--- INSIDE MAIN LOOP ---
<Event(1024-MouseMotion {'pos': (599, 119), 'rel': (22, 30), 'buttons': (0, 0, 0), 'touch': False, 'window': None})>
--- INSIDE MAIN LOOP ---
<Event(1024-MouseMotion {'pos': (622, 160), 'rel': (23, 41), 'buttons': (0, 0, 0), 'touch': False, 'window': None})>
--- INSIDE MAIN LOOP ---
<Event(1024-MouseMotion {'pos': (641, 203), 'rel': (19, 43), 'buttons': (0, 0, 0), 'touch': False, 'window': None})>
--- INSIDE MAIN LOOP ---
<Event(1024-MouseMotion {'pos': (658, 262), 'rel': (17, 59), 'buttons': (0, 0, 0), 'touch': False, 'window': None})>
--- INSIDE MAIN LOOP ---
<Event(1024-MouseMotion {'pos': (663, 296), 'rel': (5, 34), 'buttons': (0, 0, 0), 'touch': False, 'window': None})>
--- INSIDE MAIN LOOP ---
<Event(1024-MouseMotion {'pos': (664, 312), 'rel': (1, 16), 'buttons': (0, 0, 0), 'touch': False, 'window': None})>
--- INSIDE MAIN LOOP ---
<Event(1024-MouseMotion {'pos': (665, 356), 'rel': (1, 44), 'buttons': (0, 0, 0), 'touch': False, 'window': None})>
--- INSIDE MAIN LOOP ---
<Event(1024-MouseMotion {'pos': (665, 377), 'rel': (0, 21), 'buttons': (0, 0, 0), 'touch': False, 'window': None})>
--- INSIDE MAIN LOOP ---
<Event(1024-MouseMotion {'pos': (664, 394), 'rel': (-1, 17), 'buttons': (0, 0, 0), 'touch': False, 'window': None})>
--- INSIDE MAIN LOOP ---
<Event(1024-MouseMotion {'pos': (662, 408), 'rel': (-2, 14), 'buttons': (0, 0, 0), 'touch': False, 'window': None})>
--- INSIDE MAIN LOOP ---
<Event(1024-MouseMotion {'pos': (660, 417), 'rel': (-2, 9), 'buttons': (0, 0, 0), 'touch': False, 'window': None})>
--- INSIDE MAIN LOOP ---
<Event(1024-MouseMotion {'pos': (659, 423), 'rel': (-1, 6), 'buttons': (0, 0, 0), 'touch': False, 'window': None})>
--- INSIDE MAIN LOOP ---
<Event(1024-MouseMotion {'pos': (657, 427), 'rel': (-2, 4), 'buttons': (0, 0, 0), 'touch': False, 'window': None})>
--- INSIDE MAIN LOOP ---
<Event(1024-MouseMotion {'pos': (656, 430), 'rel': (-1, 3), 'buttons': (0, 0, 0), 'touch': False, 'window': None})>
--- INSIDE MAIN LOOP ---
<Event(1024-MouseMotion {'pos': (654, 432), 'rel': (-2, 2), 'buttons': (0, 0, 0), 'touch': False, 'window': None})>
--- INSIDE MAIN LOOP ---
<Event(1024-MouseMotion {'pos': (648, 433), 'rel': (-6, 1), 'buttons': (0, 0, 0), 'touch': False, 'window': None})>
--- INSIDE MAIN LOOP ---
<Event(1024-MouseMotion {'pos': (621, 429), 'rel': (-27, -4), 'buttons': (0, 0, 0), 'touch': False, 'window': None})>
--- INSIDE MAIN LOOP ---
<Event(1024-MouseMotion {'pos': (581, 414), 'rel': (-40, -15), 'buttons': (0, 0, 0), 'touch': False, 'window': None})>
--- INSIDE MAIN LOOP ---
<Event(1024-MouseMotion {'pos': (515, 381), 'rel': (-66, -33), 'buttons': (0, 0, 0), 'touch': False, 'window': None})>
--- INSIDE MAIN LOOP ---
<Event(1024-MouseMotion {'pos': (417, 326), 'rel': (-98, -55), 'buttons': (0, 0, 0), 'touch': False, 'window': None})>
--- INSIDE MAIN LOOP ---
<Event(1024-MouseMotion {'pos': (302, 259), 'rel': (-115, -67), 'buttons': (0, 0, 0), 'touch': False, 'window': None})>
--- INSIDE MAIN LOOP ---
<Event(1024-MouseMotion {'pos': (188, 195), 'rel': (-114, -64), 'buttons': (0, 0, 0), 'touch': False, 'window': None})>
--- INSIDE MAIN LOOP ---
<Event(1024-MouseMotion {'pos': (101, 147), 'rel': (-87, -48), 'buttons': (0, 0, 0), 'touch': False, 'window': None})>
--- INSIDE MAIN LOOP ---
<Event(1024-MouseMotion {'pos': (43, 113), 'rel': (-58, -34), 'buttons': (0, 0, 0), 'touch': False, 'window': None})>
--- INSIDE MAIN LOOP ---
<Event(1024-MouseMotion {'pos': (11, 92), 'rel': (-32, -21), 'buttons': (0, 0, 0), 'touch': False, 'window': None})>
--- INSIDE MAIN LOOP ---
<Event(1024-MouseMotion {'pos': (0, 81), 'rel': (-13, -11), 'buttons': (0, 0, 0), 'touch': False, 'window': None})>
<Event(32768-ActiveEvent {'gain': 0, 'state': 1})>
<Event(32784-WindowLeave {'window': None})>
--- INSIDE MAIN LOOP ---
--- INSIDE MAIN LOOP ---
--- INSIDE MAIN LOOP ---
--- INSIDE MAIN LOOP ---
--- INSIDE MAIN LOOP ---
--- INSIDE MAIN LOOP ---
--- INSIDE MAIN LOOP ---
--- INSIDE MAIN LOOP ---
--- INSIDE MAIN LOOP ---
--- INSIDE MAIN LOOP ---
--- INSIDE MAIN LOOP ---
--- INSIDE MAIN LOOP ---
--- INSIDE MAIN LOOP ---
--- INSIDE MAIN LOOP ---
--- INSIDE MAIN LOOP ---
--- INSIDE MAIN LOOP ---
--- INSIDE MAIN LOOP ---
--- INSIDE MAIN LOOP ---
--- INSIDE MAIN LOOP ---
--- INSIDE MAIN LOOP ---
--- INSIDE MAIN LOOP ---
--- INSIDE MAIN LOOP ---
--- INSIDE MAIN LOOP ---
--- INSIDE MAIN LOOP ---
--- INSIDE MAIN LOOP ---
--- INSIDE MAIN LOOP ---
--- INSIDE MAIN LOOP ---
--- INSIDE MAIN LOOP ---
--- INSIDE MAIN LOOP ---
--- INSIDE MAIN LOOP ---
--- INSIDE MAIN LOOP ---
--- INSIDE MAIN LOOP ---
--- INSIDE MAIN LOOP ---
--- INSIDE MAIN LOOP ---
--- INSIDE MAIN LOOP ---
--- INSIDE MAIN LOOP ---
--- INSIDE MAIN LOOP ---
--- INSIDE MAIN LOOP ---
--- INSIDE MAIN LOOP ---
--- INSIDE MAIN LOOP ---
--- INSIDE MAIN LOOP ---
--- INSIDE MAIN LOOP ---
--- INSIDE MAIN LOOP ---
--- INSIDE MAIN LOOP ---
--- INSIDE MAIN LOOP ---
--- INSIDE MAIN LOOP ---
--- INSIDE MAIN LOOP ---
--- INSIDE MAIN LOOP ---
--- INSIDE MAIN LOOP ---
--- INSIDE MAIN LOOP ---
--- INSIDE MAIN LOOP ---
--- INSIDE MAIN LOOP ---
--- INSIDE MAIN LOOP ---
--- INSIDE MAIN LOOP ---
--- INSIDE MAIN LOOP ---
--- INSIDE MAIN LOOP ---
--- INSIDE MAIN LOOP ---
<Event(32787-WindowClose {'window': None})>
<Event(256-Quit {})>
--- AFTER MAIN LOOP ---
